
[1m[30m[46m RUN [49m[39m[22m [36mv4.1.10 [39m[90m/app/applet[39m

 [31m❯[39m app/applet/test-render.test.tsx [2m([22m[2m0 test[22m[2m)[22m
 [32m✓[39m src/tests/dictionary.test.ts [2m([22m[2m3 tests[22m[2m)[22m[32m 15[2mms[22m[39m

[2m Test Files [22m [1m[31m1 failed[39m[22m[2m | [22m[1m[32m1 passed[39m[22m[90m (2)[39m
[2m      Tests [22m [1m[32m3 passed[39m[22m[90m (3)[39m
[2m   Start at [22m 08:37:12
[2m   Duration [22m 3.21s[2m (transform 941ms, setup 0ms, import 893ms, tests 15ms, environment 0ms)[22m

